{"__type":"$$EventMessageWorkflow","id":"8c6d5067-ac62-4725-8877-41bb2070ace4","ts":"2025-11-07T19:40:57.968+00:00","eventName":"n8n.workflow.started","message":"n8n.workflow.started","payload":{"executionId":"2","workflowId":"F9MOsY9ig6xDqFOn","isManual":false,"workflowName":"Telegram ventas"}}
{"__type":"$$EventMessageConfirm","confirm":"8c6d5067-ac62-4725-8877-41bb2070ace4","ts":"2025-11-07T19:40:57.969+00:00","source":{"id":"0","name":"eventBus"}}
{"__type":"$$EventMessageNode","id":"df27714e-ed6f-4a8a-b518-180d47daffc3","ts":"2025-11-07T19:40:57.973+00:00","eventName":"n8n.node.started","message":"n8n.node.started","payload":{"workflowId":"F9MOsY9ig6xDqFOn","workflowName":"Telegram ventas","executionId":"2","nodeType":"n8n-nodes-base.telegramTrigger","nodeName":"Telegram Trigger","nodeId":"d8dad8de-bbff-4981-8299-ca61adb305d8"}}
{"__type":"$$EventMessageConfirm","confirm":"df27714e-ed6f-4a8a-b518-180d47daffc3","ts":"2025-11-07T19:40:57.973+00:00","source":{"id":"0","name":"eventBus"}}
{"__type":"$$EventMessageNode","id":"7d7055f7-d0aa-45da-beb3-d840eb2a609f","ts":"2025-11-07T19:40:57.976+00:00","eventName":"n8n.node.finished","message":"n8n.node.finished","payload":{"workflowId":"F9MOsY9ig6xDqFOn","workflowName":"Telegram ventas","executionId":"2","nodeType":"n8n-nodes-base.telegramTrigger","nodeName":"Telegram Trigger","nodeId":"d8dad8de-bbff-4981-8299-ca61adb305d8"}}
{"__type":"$$EventMessageConfirm","confirm":"7d7055f7-d0aa-45da-beb3-d840eb2a609f","ts":"2025-11-07T19:40:57.976+00:00","source":{"id":"0","name":"eventBus"}}
{"__type":"$$EventMessageWorkflow","id":"562ce69f-5ff7-4f8f-aaf3-81f3b3ac8042","ts":"2025-11-07T19:40:57.983+00:00","eventName":"n8n.workflow.success","message":"n8n.workflow.success","payload":{"executionId":"2","success":true,"isManual":true,"workflowId":"F9MOsY9ig6xDqFOn","workflowName":"Telegram ventas"}}
{"__type":"$$EventMessageConfirm","confirm":"562ce69f-5ff7-4f8f-aaf3-81f3b3ac8042","ts":"2025-11-07T19:40:57.983+00:00","source":{"id":"0","name":"eventBus"}}
{"__type":"$$EventMessageWorkflow","id":"fab0c3ea-3181-4d42-a0d7-a621b69a2a68","ts":"2025-11-07T19:40:58.963+00:00","eventName":"n8n.workflow.started","message":"n8n.workflow.started","payload":{"executionId":"3","workflowId":"F9MOsY9ig6xDqFOn","isManual":false,"workflowName":"Telegram ventas"}}
{"__type":"$$EventMessageConfirm","confirm":"fab0c3ea-3181-4d42-a0d7-a621b69a2a68","ts":"2025-11-07T19:40:58.963+00:00","source":{"id":"0","name":"eventBus"}}
{"__type":"$$EventMessageNode","id":"a5a3142e-6ccd-41d6-9191-0f3ee7425b90","ts":"2025-11-07T19:40:58.964+00:00","eventName":"n8n.node.started","message":"n8n.node.started","payload":{"workflowId":"F9MOsY9ig6xDqFOn","workflowName":"Telegram ventas","executionId":"3","nodeType":"n8n-nodes-base.telegramTrigger","nodeName":"Telegram Trigger","nodeId":"d8dad8de-bbff-4981-8299-ca61adb305d8"}}
{"__type":"$$EventMessageConfirm","confirm":"a5a3142e-6ccd-41d6-9191-0f3ee7425b90","ts":"2025-11-07T19:40:58.964+00:00","source":{"id":"0","name":"eventBus"}}
{"__type":"$$EventMessageNode","id":"25e5807e-7e5f-44f8-908a-7df641fc6fb5","ts":"2025-11-07T19:40:58.965+00:00","eventName":"n8n.node.finished","message":"n8n.node.finished","payload":{"workflowId":"F9MOsY9ig6xDqFOn","workflowName":"Telegram ventas","executionId":"3","nodeType":"n8n-nodes-base.telegramTrigger","nodeName":"Telegram Trigger","nodeId":"d8dad8de-bbff-4981-8299-ca61adb305d8"}}
{"__type":"$$EventMessageConfirm","confirm":"25e5807e-7e5f-44f8-908a-7df641fc6fb5","ts":"2025-11-07T19:40:58.965+00:00","source":{"id":"0","name":"eventBus"}}
{"__type":"$$EventMessageWorkflow","id":"bd831ec5-a358-411f-b6e5-8e35671f101b","ts":"2025-11-07T19:40:58.969+00:00","eventName":"n8n.workflow.success","message":"n8n.workflow.success","payload":{"executionId":"3","success":true,"isManual":true,"workflowId":"F9MOsY9ig6xDqFOn","workflowName":"Telegram ventas"}}
{"__type":"$$EventMessageConfirm","confirm":"bd831ec5-a358-411f-b6e5-8e35671f101b","ts":"2025-11-07T19:40:58.969+00:00","source":{"id":"0","name":"eventBus"}}
{"__type":"$$EventMessageWorkflow","id":"f3ac8c05-1f5b-4aaa-bb83-b6ffe8b2397b","ts":"2025-11-07T19:40:59.534+00:00","eventName":"n8n.workflow.started","message":"n8n.workflow.started","payload":{"executionId":"4","workflowId":"F9MOsY9ig6xDqFOn","isManual":false,"workflowName":"Telegram ventas"}}
{"__type":"$$EventMessageConfirm","confirm":"f3ac8c05-1f5b-4aaa-bb83-b6ffe8b2397b","ts":"2025-11-07T19:40:59.534+00:00","source":{"id":"0","name":"eventBus"}}
{"__type":"$$EventMessageNode","id":"bcb96101-508d-4450-ab22-daf0c4bc960d","ts":"2025-11-07T19:40:59.535+00:00","eventName":"n8n.node.started","message":"n8n.node.started","payload":{"workflowId":"F9MOsY9ig6xDqFOn","workflowName":"Telegram ventas","executionId":"4","nodeType":"n8n-nodes-base.telegramTrigger","nodeName":"Telegram Trigger","nodeId":"d8dad8de-bbff-4981-8299-ca61adb305d8"}}
{"__type":"$$EventMessageConfirm","confirm":"bcb96101-508d-4450-ab22-daf0c4bc960d","ts":"2025-11-07T19:40:59.535+00:00","source":{"id":"0","name":"eventBus"}}
{"__type":"$$EventMessageNode","id":"5ea6bb80-a768-42a1-bbe1-53ebe1f063c1","ts":"2025-11-07T19:40:59.536+00:00","eventName":"n8n.node.finished","message":"n8n.node.finished","payload":{"workflowId":"F9MOsY9ig6xDqFOn","workflowName":"Telegram ventas","executionId":"4","nodeType":"n8n-nodes-base.telegramTrigger","nodeName":"Telegram Trigger","nodeId":"d8dad8de-bbff-4981-8299-ca61adb305d8"}}
{"__type":"$$EventMessageConfirm","confirm":"5ea6bb80-a768-42a1-bbe1-53ebe1f063c1","ts":"2025-11-07T19:40:59.536+00:00","source":{"id":"0","name":"eventBus"}}
{"__type":"$$EventMessageWorkflow","id":"84dfc029-5f90-4358-ab92-c90bd6c6fe1e","ts":"2025-11-07T19:40:59.539+00:00","eventName":"n8n.workflow.success","message":"n8n.workflow.success","payload":{"executionId":"4","success":true,"isManual":true,"workflowId":"F9MOsY9ig6xDqFOn","workflowName":"Telegram ventas"}}
{"__type":"$$EventMessageConfirm","confirm":"84dfc029-5f90-4358-ab92-c90bd6c6fe1e","ts":"2025-11-07T19:40:59.539+00:00","source":{"id":"0","name":"eventBus"}}
{"__type":"$$EventMessageWorkflow","id":"e46893fa-36fb-4652-8099-677e8074b37a","ts":"2025-11-07T19:41:00.298+00:00","eventName":"n8n.workflow.started","message":"n8n.workflow.started","payload":{"executionId":"5","workflowId":"F9MOsY9ig6xDqFOn","isManual":false,"workflowName":"Telegram ventas"}}
{"__type":"$$EventMessageConfirm","confirm":"e46893fa-36fb-4652-8099-677e8074b37a","ts":"2025-11-07T19:41:00.298+00:00","source":{"id":"0","name":"eventBus"}}
{"__type":"$$EventMessageNode","id":"5acc0132-4dde-40c1-ab10-daf8d38ef555","ts":"2025-11-07T19:41:00.299+00:00","eventName":"n8n.node.started","message":"n8n.node.started","payload":{"workflowId":"F9MOsY9ig6xDqFOn","workflowName":"Telegram ventas","executionId":"5","nodeType":"n8n-nodes-base.telegramTrigger","nodeName":"Telegram Trigger","nodeId":"d8dad8de-bbff-4981-8299-ca61adb305d8"}}
{"__type":"$$EventMessageConfirm","confirm":"5acc0132-4dde-40c1-ab10-daf8d38ef555","ts":"2025-11-07T19:41:00.299+00:00","source":{"id":"0","name":"eventBus"}}
{"__type":"$$EventMessageNode","id":"b122be17-7154-4b35-8cce-a3b1bb02ef83","ts":"2025-11-07T19:41:00.300+00:00","eventName":"n8n.node.finished","message":"n8n.node.finished","payload":{"workflowId":"F9MOsY9ig6xDqFOn","workflowName":"Telegram ventas","executionId":"5","nodeType":"n8n-nodes-base.telegramTrigger","nodeName":"Telegram Trigger","nodeId":"d8dad8de-bbff-4981-8299-ca61adb305d8"}}
{"__type":"$$EventMessageConfirm","confirm":"b122be17-7154-4b35-8cce-a3b1bb02ef83","ts":"2025-11-07T19:41:00.300+00:00","source":{"id":"0","name":"eventBus"}}
{"__type":"$$EventMessageWorkflow","id":"02707f27-d83a-4f52-995b-035ee1723b83","ts":"2025-11-07T19:41:00.302+00:00","eventName":"n8n.workflow.success","message":"n8n.workflow.success","payload":{"executionId":"5","success":true,"isManual":true,"workflowId":"F9MOsY9ig6xDqFOn","workflowName":"Telegram ventas"}}
{"__type":"$$EventMessageConfirm","confirm":"02707f27-d83a-4f52-995b-035ee1723b83","ts":"2025-11-07T19:41:00.303+00:00","source":{"id":"0","name":"eventBus"}}
{"__type":"$$EventMessageWorkflow","id":"4b5cde80-946e-4cb5-9676-0ce39c65d9f5","ts":"2025-11-07T19:45:27.665+00:00","eventName":"n8n.workflow.started","message":"n8n.workflow.started","payload":{"executionId":"6","workflowId":"F9MOsY9ig6xDqFOn","isManual":false,"workflowName":"Telegram ventas"}}
{"__type":"$$EventMessageConfirm","confirm":"4b5cde80-946e-4cb5-9676-0ce39c65d9f5","ts":"2025-11-07T19:45:27.665+00:00","source":{"id":"0","name":"eventBus"}}
{"__type":"$$EventMessageNode","id":"b742f4a3-234c-43c5-b7bd-2e70591d2ff7","ts":"2025-11-07T19:45:27.666+00:00","eventName":"n8n.node.started","message":"n8n.node.started","payload":{"workflowId":"F9MOsY9ig6xDqFOn","workflowName":"Telegram ventas","executionId":"6","nodeType":"n8n-nodes-base.telegramTrigger","nodeName":"Telegram Trigger","nodeId":"d8dad8de-bbff-4981-8299-ca61adb305d8"}}
{"__type":"$$EventMessageConfirm","confirm":"b742f4a3-234c-43c5-b7bd-2e70591d2ff7","ts":"2025-11-07T19:45:27.666+00:00","source":{"id":"0","name":"eventBus"}}
{"__type":"$$EventMessageNode","id":"a0533967-e73f-4b01-b011-af214d9941d6","ts":"2025-11-07T19:45:27.667+00:00","eventName":"n8n.node.finished","message":"n8n.node.finished","payload":{"workflowId":"F9MOsY9ig6xDqFOn","workflowName":"Telegram ventas","executionId":"6","nodeType":"n8n-nodes-base.telegramTrigger","nodeName":"Telegram Trigger","nodeId":"d8dad8de-bbff-4981-8299-ca61adb305d8"}}
{"__type":"$$EventMessageConfirm","confirm":"a0533967-e73f-4b01-b011-af214d9941d6","ts":"2025-11-07T19:45:27.667+00:00","source":{"id":"0","name":"eventBus"}}
{"__type":"$$EventMessageWorkflow","id":"18fb4f5f-9246-4d01-9737-3c87e15dd5a7","ts":"2025-11-07T19:45:27.671+00:00","eventName":"n8n.workflow.success","message":"n8n.workflow.success","payload":{"executionId":"6","success":true,"isManual":true,"workflowId":"F9MOsY9ig6xDqFOn","workflowName":"Telegram ventas"}}
{"__type":"$$EventMessageConfirm","confirm":"18fb4f5f-9246-4d01-9737-3c87e15dd5a7","ts":"2025-11-07T19:45:27.671+00:00","source":{"id":"0","name":"eventBus"}}
{"__type":"$$EventMessageWorkflow","id":"2e6ba674-1cb6-4b53-886b-7c8a0eecb9df","ts":"2025-11-07T19:47:21.143+00:00","eventName":"n8n.workflow.started","message":"n8n.workflow.started","payload":{"executionId":"7","workflowId":"F9MOsY9ig6xDqFOn","isManual":false,"workflowName":"Telegram ventas"}}
{"__type":"$$EventMessageConfirm","confirm":"2e6ba674-1cb6-4b53-886b-7c8a0eecb9df","ts":"2025-11-07T19:47:21.143+00:00","source":{"id":"0","name":"eventBus"}}
{"__type":"$$EventMessageNode","id":"b3430179-bd9a-4f1f-b338-69877e6a9442","ts":"2025-11-07T19:47:21.144+00:00","eventName":"n8n.node.started","message":"n8n.node.started","payload":{"workflowId":"F9MOsY9ig6xDqFOn","workflowName":"Telegram ventas","executionId":"7","nodeType":"n8n-nodes-base.set","nodeName":"Edit Fields","nodeId":"f51213a6-96d7-49ae-b35f-6ac3dc838ce3"}}
{"__type":"$$EventMessageConfirm","confirm":"b3430179-bd9a-4f1f-b338-69877e6a9442","ts":"2025-11-07T19:47:21.144+00:00","source":{"id":"0","name":"eventBus"}}
{"__type":"$$EventMessageNode","id":"f02c9599-05d7-4472-8037-9665b920ac7d","ts":"2025-11-07T14:47:21.202-05:00","eventName":"n8n.node.finished","message":"n8n.node.finished","payload":{"workflowId":"F9MOsY9ig6xDqFOn","workflowName":"Telegram ventas","executionId":"7","nodeType":"n8n-nodes-base.set","nodeName":"Edit Fields","nodeId":"f51213a6-96d7-49ae-b35f-6ac3dc838ce3"}}
{"__type":"$$EventMessageConfirm","confirm":"f02c9599-05d7-4472-8037-9665b920ac7d","ts":"2025-11-07T14:47:21.202-05:00","source":{"id":"0","name":"eventBus"}}
{"__type":"$$EventMessageWorkflow","id":"348b9f38-a96b-48ff-a808-e6f7bf6369b0","ts":"2025-11-07T14:47:21.205-05:00","eventName":"n8n.workflow.success","message":"n8n.workflow.success","payload":{"userId":"a847cc1d-d439-4c8d-ac02-192de4d567cd","executionId":"7","success":true,"isManual":true,"workflowId":"F9MOsY9ig6xDqFOn","workflowName":"Telegram ventas"}}
{"__type":"$$EventMessageConfirm","confirm":"348b9f38-a96b-48ff-a808-e6f7bf6369b0","ts":"2025-11-07T14:47:21.205-05:00","source":{"id":"0","name":"eventBus"}}
{"__type":"$$EventMessageWorkflow","id":"678568a5-6de0-4dbe-8532-47c5b0f9e7ce","ts":"2025-11-07T14:47:31.877-05:00","eventName":"n8n.workflow.started","message":"n8n.workflow.started","payload":{"executionId":"8","workflowId":"F9MOsY9ig6xDqFOn","isManual":false,"workflowName":"Telegram ventas"}}
{"__type":"$$EventMessageConfirm","confirm":"678568a5-6de0-4dbe-8532-47c5b0f9e7ce","ts":"2025-11-07T14:47:31.878-05:00","source":{"id":"0","name":"eventBus"}}
{"__type":"$$EventMessageNode","id":"f774b2e4-84d5-44fb-9379-0fe8c13281af","ts":"2025-11-07T14:47:31.878-05:00","eventName":"n8n.node.started","message":"n8n.node.started","payload":{"workflowId":"F9MOsY9ig6xDqFOn","workflowName":"Telegram ventas","executionId":"8","nodeType":"n8n-nodes-base.set","nodeName":"Edit Fields","nodeId":"f51213a6-96d7-49ae-b35f-6ac3dc838ce3"}}
{"__type":"$$EventMessageConfirm","confirm":"f774b2e4-84d5-44fb-9379-0fe8c13281af","ts":"2025-11-07T14:47:31.878-05:00","source":{"id":"0","name":"eventBus"}}
{"__type":"$$EventMessageNode","id":"8d415f06-f248-4a1a-9a4a-f4be7e32e952","ts":"2025-11-07T14:47:31.881-05:00","eventName":"n8n.node.finished","message":"n8n.node.finished","payload":{"workflowId":"F9MOsY9ig6xDqFOn","workflowName":"Telegram ventas","executionId":"8","nodeType":"n8n-nodes-base.set","nodeName":"Edit Fields","nodeId":"f51213a6-96d7-49ae-b35f-6ac3dc838ce3"}}
{"__type":"$$EventMessageConfirm","confirm":"8d415f06-f248-4a1a-9a4a-f4be7e32e952","ts":"2025-11-07T14:47:31.881-05:00","source":{"id":"0","name":"eventBus"}}
{"__type":"$$EventMessageWorkflow","id":"1078547e-cc88-4b86-9a8c-784ddfa226c9","ts":"2025-11-07T14:47:31.883-05:00","eventName":"n8n.workflow.success","message":"n8n.workflow.success","payload":{"userId":"a847cc1d-d439-4c8d-ac02-192de4d567cd","executionId":"8","success":true,"isManual":true,"workflowId":"F9MOsY9ig6xDqFOn","workflowName":"Telegram ventas"}}
{"__type":"$$EventMessageConfirm","confirm":"1078547e-cc88-4b86-9a8c-784ddfa226c9","ts":"2025-11-07T14:47:31.883-05:00","source":{"id":"0","name":"eventBus"}}
{"__type":"$$EventMessageWorkflow","id":"d335d630-7c4e-452b-bed6-e96687e894be","ts":"2025-11-07T14:48:00.383-05:00","eventName":"n8n.workflow.started","message":"n8n.workflow.started","payload":{"executionId":"9","workflowId":"F9MOsY9ig6xDqFOn","isManual":false,"workflowName":"Telegram ventas"}}
{"__type":"$$EventMessageConfirm","confirm":"d335d630-7c4e-452b-bed6-e96687e894be","ts":"2025-11-07T14:48:00.383-05:00","source":{"id":"0","name":"eventBus"}}
{"__type":"$$EventMessageNode","id":"c0f381a3-ebb4-4588-a034-94810e4d0a3e","ts":"2025-11-07T14:48:00.384-05:00","eventName":"n8n.node.started","message":"n8n.node.started","payload":{"workflowId":"F9MOsY9ig6xDqFOn","workflowName":"Telegram ventas","executionId":"9","nodeType":"n8n-nodes-base.set","nodeName":"Edit Fields","nodeId":"f51213a6-96d7-49ae-b35f-6ac3dc838ce3"}}
{"__type":"$$EventMessageConfirm","confirm":"c0f381a3-ebb4-4588-a034-94810e4d0a3e","ts":"2025-11-07T14:48:00.384-05:00","source":{"id":"0","name":"eventBus"}}
{"__type":"$$EventMessageNode","id":"c45a0f63-06a7-43c0-918c-5a8bed673970","ts":"2025-11-07T14:48:00.401-05:00","eventName":"n8n.node.finished","message":"n8n.node.finished","payload":{"workflowId":"F9MOsY9ig6xDqFOn","workflowName":"Telegram ventas","executionId":"9","nodeType":"n8n-nodes-base.set","nodeName":"Edit Fields","nodeId":"f51213a6-96d7-49ae-b35f-6ac3dc838ce3"}}
{"__type":"$$EventMessageConfirm","confirm":"c45a0f63-06a7-43c0-918c-5a8bed673970","ts":"2025-11-07T14:48:00.401-05:00","source":{"id":"0","name":"eventBus"}}
{"__type":"$$EventMessageWorkflow","id":"4f94b48a-900a-423a-8f37-bbc0778a5496","ts":"2025-11-07T14:48:00.403-05:00","eventName":"n8n.workflow.success","message":"n8n.workflow.success","payload":{"userId":"a847cc1d-d439-4c8d-ac02-192de4d567cd","executionId":"9","success":true,"isManual":true,"workflowId":"F9MOsY9ig6xDqFOn","workflowName":"Telegram ventas"}}
{"__type":"$$EventMessageConfirm","confirm":"4f94b48a-900a-423a-8f37-bbc0778a5496","ts":"2025-11-07T14:48:00.404-05:00","source":{"id":"0","name":"eventBus"}}
{"__type":"$$EventMessageWorkflow","id":"0c80ba3c-0f22-4bf2-973f-a02789d51ef9","ts":"2025-11-07T14:48:02.834-05:00","eventName":"n8n.workflow.started","message":"n8n.workflow.started","payload":{"executionId":"10","workflowId":"F9MOsY9ig6xDqFOn","isManual":false,"workflowName":"Telegram ventas"}}
{"__type":"$$EventMessageConfirm","confirm":"0c80ba3c-0f22-4bf2-973f-a02789d51ef9","ts":"2025-11-07T14:48:02.834-05:00","source":{"id":"0","name":"eventBus"}}
{"__type":"$$EventMessageNode","id":"c9753fd6-42da-4780-b463-636c2b8ef26a","ts":"2025-11-07T14:48:02.836-05:00","eventName":"n8n.node.started","message":"n8n.node.started","payload":{"workflowId":"F9MOsY9ig6xDqFOn","workflowName":"Telegram ventas","executionId":"10","nodeType":"n8n-nodes-base.set","nodeName":"Edit Fields","nodeId":"f51213a6-96d7-49ae-b35f-6ac3dc838ce3"}}
{"__type":"$$EventMessageConfirm","confirm":"c9753fd6-42da-4780-b463-636c2b8ef26a","ts":"2025-11-07T14:48:02.836-05:00","source":{"id":"0","name":"eventBus"}}
{"__type":"$$EventMessageNode","id":"37a615f1-88a8-404f-977f-6af88af41ca3","ts":"2025-11-07T14:48:02.838-05:00","eventName":"n8n.node.finished","message":"n8n.node.finished","payload":{"workflowId":"F9MOsY9ig6xDqFOn","workflowName":"Telegram ventas","executionId":"10","nodeType":"n8n-nodes-base.set","nodeName":"Edit Fields","nodeId":"f51213a6-96d7-49ae-b35f-6ac3dc838ce3"}}
{"__type":"$$EventMessageConfirm","confirm":"37a615f1-88a8-404f-977f-6af88af41ca3","ts":"2025-11-07T14:48:02.838-05:00","source":{"id":"0","name":"eventBus"}}
{"__type":"$$EventMessageWorkflow","id":"a696533a-a271-4f09-b4a4-f44934d78090","ts":"2025-11-07T14:48:02.847-05:00","eventName":"n8n.workflow.success","message":"n8n.workflow.success","payload":{"userId":"a847cc1d-d439-4c8d-ac02-192de4d567cd","executionId":"10","success":true,"isManual":true,"workflowId":"F9MOsY9ig6xDqFOn","workflowName":"Telegram ventas"}}
{"__type":"$$EventMessageConfirm","confirm":"a696533a-a271-4f09-b4a4-f44934d78090","ts":"2025-11-07T14:48:02.847-05:00","source":{"id":"0","name":"eventBus"}}
{"__type":"$$EventMessageWorkflow","id":"63e7c276-3356-4745-999a-3720d3f0e8cd","ts":"2025-11-07T14:48:17.169-05:00","eventName":"n8n.workflow.started","message":"n8n.workflow.started","payload":{"executionId":"11","workflowId":"F9MOsY9ig6xDqFOn","isManual":false,"workflowName":"Telegram ventas"}}
{"__type":"$$EventMessageConfirm","confirm":"63e7c276-3356-4745-999a-3720d3f0e8cd","ts":"2025-11-07T14:48:17.169-05:00","source":{"id":"0","name":"eventBus"}}
{"__type":"$$EventMessageNode","id":"797a9547-6665-485e-9761-9f6789273d63","ts":"2025-11-07T14:48:17.170-05:00","eventName":"n8n.node.started","message":"n8n.node.started","payload":{"workflowId":"F9MOsY9ig6xDqFOn","workflowName":"Telegram ventas","executionId":"11","nodeType":"n8n-nodes-base.telegramTrigger","nodeName":"Telegram Trigger","nodeId":"d8dad8de-bbff-4981-8299-ca61adb305d8"}}
{"__type":"$$EventMessageConfirm","confirm":"797a9547-6665-485e-9761-9f6789273d63","ts":"2025-11-07T14:48:17.170-05:00","source":{"id":"0","name":"eventBus"}}
{"__type":"$$EventMessageNode","id":"f90eac11-7579-4974-a37b-ef3e151a57f8","ts":"2025-11-07T14:48:17.171-05:00","eventName":"n8n.node.finished","message":"n8n.node.finished","payload":{"workflowId":"F9MOsY9ig6xDqFOn","workflowName":"Telegram ventas","executionId":"11","nodeType":"n8n-nodes-base.telegramTrigger","nodeName":"Telegram Trigger","nodeId":"d8dad8de-bbff-4981-8299-ca61adb305d8"}}
{"__type":"$$EventMessageConfirm","confirm":"f90eac11-7579-4974-a37b-ef3e151a57f8","ts":"2025-11-07T14:48:17.171-05:00","source":{"id":"0","name":"eventBus"}}
{"__type":"$$EventMessageWorkflow","id":"1a889066-af3f-498f-80b8-0b55fe8d84a8","ts":"2025-11-07T14:48:17.174-05:00","eventName":"n8n.workflow.success","message":"n8n.workflow.success","payload":{"executionId":"11","success":true,"isManual":true,"workflowId":"F9MOsY9ig6xDqFOn","workflowName":"Telegram ventas"}}
{"__type":"$$EventMessageConfirm","confirm":"1a889066-af3f-498f-80b8-0b55fe8d84a8","ts":"2025-11-07T14:48:17.174-05:00","source":{"id":"0","name":"eventBus"}}
{"__type":"$$EventMessageWorkflow","id":"161f4028-ef79-41f3-9685-77450a99157a","ts":"2025-11-07T14:48:17.941-05:00","eventName":"n8n.workflow.started","message":"n8n.workflow.started","payload":{"executionId":"12","workflowId":"F9MOsY9ig6xDqFOn","isManual":false,"workflowName":"Telegram ventas"}}
{"__type":"$$EventMessageConfirm","confirm":"161f4028-ef79-41f3-9685-77450a99157a","ts":"2025-11-07T14:48:17.942-05:00","source":{"id":"0","name":"eventBus"}}
{"__type":"$$EventMessageNode","id":"c99ec945-a635-4ba1-9c69-f603a6c2a02e","ts":"2025-11-07T14:48:17.942-05:00","eventName":"n8n.node.started","message":"n8n.node.started","payload":{"workflowId":"F9MOsY9ig6xDqFOn","workflowName":"Telegram ventas","executionId":"12","nodeType":"n8n-nodes-base.telegramTrigger","nodeName":"Telegram Trigger","nodeId":"d8dad8de-bbff-4981-8299-ca61adb305d8"}}
{"__type":"$$EventMessageConfirm","confirm":"c99ec945-a635-4ba1-9c69-f603a6c2a02e","ts":"2025-11-07T14:48:17.942-05:00","source":{"id":"0","name":"eventBus"}}
{"__type":"$$EventMessageNode","id":"8e87b963-0a72-4d4f-ae93-e7ce155efcfc","ts":"2025-11-07T14:48:17.943-05:00","eventName":"n8n.node.finished","message":"n8n.node.finished","payload":{"workflowId":"F9MOsY9ig6xDqFOn","workflowName":"Telegram ventas","executionId":"12","nodeType":"n8n-nodes-base.telegramTrigger","nodeName":"Telegram Trigger","nodeId":"d8dad8de-bbff-4981-8299-ca61adb305d8"}}
{"__type":"$$EventMessageConfirm","confirm":"8e87b963-0a72-4d4f-ae93-e7ce155efcfc","ts":"2025-11-07T14:48:17.943-05:00","source":{"id":"0","name":"eventBus"}}
{"__type":"$$EventMessageWorkflow","id":"c35b8d50-e1ee-40ed-a851-c193630a40fb","ts":"2025-11-07T14:48:17.945-05:00","eventName":"n8n.workflow.success","message":"n8n.workflow.success","payload":{"executionId":"12","success":true,"isManual":true,"workflowId":"F9MOsY9ig6xDqFOn","workflowName":"Telegram ventas"}}
{"__type":"$$EventMessageConfirm","confirm":"c35b8d50-e1ee-40ed-a851-c193630a40fb","ts":"2025-11-07T14:48:17.945-05:00","source":{"id":"0","name":"eventBus"}}
{"__type":"$$EventMessageWorkflow","id":"3831df7e-a1a2-4ef5-9964-8b6422196f32","ts":"2025-11-07T14:48:42.764-05:00","eventName":"n8n.workflow.started","message":"n8n.workflow.started","payload":{"executionId":"13","workflowId":"F9MOsY9ig6xDqFOn","isManual":false,"workflowName":"Telegram ventas"}}
{"__type":"$$EventMessageConfirm","confirm":"3831df7e-a1a2-4ef5-9964-8b6422196f32","ts":"2025-11-07T14:48:42.764-05:00","source":{"id":"0","name":"eventBus"}}
{"__type":"$$EventMessageNode","id":"cf977218-a36a-4f17-b299-196c0aacd126","ts":"2025-11-07T14:48:42.765-05:00","eventName":"n8n.node.started","message":"n8n.node.started","payload":{"workflowId":"F9MOsY9ig6xDqFOn","workflowName":"Telegram ventas","executionId":"13","nodeType":"n8n-nodes-base.telegramTrigger","nodeName":"Telegram Trigger","nodeId":"d8dad8de-bbff-4981-8299-ca61adb305d8"}}
{"__type":"$$EventMessageConfirm","confirm":"cf977218-a36a-4f17-b299-196c0aacd126","ts":"2025-11-07T14:48:42.765-05:00","source":{"id":"0","name":"eventBus"}}
{"__type":"$$EventMessageNode","id":"995a0f98-32f5-4002-85f3-584fee59aec9","ts":"2025-11-07T14:48:42.766-05:00","eventName":"n8n.node.finished","message":"n8n.node.finished","payload":{"workflowId":"F9MOsY9ig6xDqFOn","workflowName":"Telegram ventas","executionId":"13","nodeType":"n8n-nodes-base.telegramTrigger","nodeName":"Telegram Trigger","nodeId":"d8dad8de-bbff-4981-8299-ca61adb305d8"}}
{"__type":"$$EventMessageConfirm","confirm":"995a0f98-32f5-4002-85f3-584fee59aec9","ts":"2025-11-07T14:48:42.766-05:00","source":{"id":"0","name":"eventBus"}}
{"__type":"$$EventMessageWorkflow","id":"636a20d3-3e9a-4025-81f3-f5d08b4c9935","ts":"2025-11-07T14:48:42.768-05:00","eventName":"n8n.workflow.success","message":"n8n.workflow.success","payload":{"executionId":"13","success":true,"isManual":true,"workflowId":"F9MOsY9ig6xDqFOn","workflowName":"Telegram ventas"}}
{"__type":"$$EventMessageConfirm","confirm":"636a20d3-3e9a-4025-81f3-f5d08b4c9935","ts":"2025-11-07T14:48:42.768-05:00","source":{"id":"0","name":"eventBus"}}
{"__type":"$$EventMessageWorkflow","id":"e046ab63-6913-4be2-b1d3-db9d0b35e298","ts":"2025-11-07T14:48:53.575-05:00","eventName":"n8n.workflow.started","message":"n8n.workflow.started","payload":{"executionId":"14","workflowId":"F9MOsY9ig6xDqFOn","isManual":false,"workflowName":"Telegram ventas"}}
{"__type":"$$EventMessageConfirm","confirm":"e046ab63-6913-4be2-b1d3-db9d0b35e298","ts":"2025-11-07T14:48:53.575-05:00","source":{"id":"0","name":"eventBus"}}
{"__type":"$$EventMessageNode","id":"c3b8c201-db90-4015-9ca6-fb7ecff37b40","ts":"2025-11-07T14:48:53.576-05:00","eventName":"n8n.node.started","message":"n8n.node.started","payload":{"workflowId":"F9MOsY9ig6xDqFOn","workflowName":"Telegram ventas","executionId":"14","nodeType":"n8n-nodes-base.set","nodeName":"Edit Fields","nodeId":"f51213a6-96d7-49ae-b35f-6ac3dc838ce3"}}
{"__type":"$$EventMessageConfirm","confirm":"c3b8c201-db90-4015-9ca6-fb7ecff37b40","ts":"2025-11-07T14:48:53.576-05:00","source":{"id":"0","name":"eventBus"}}
{"__type":"$$EventMessageNode","id":"984a61b5-d620-4bf7-a205-2f2873c03e38","ts":"2025-11-07T14:48:53.578-05:00","eventName":"n8n.node.finished","message":"n8n.node.finished","payload":{"workflowId":"F9MOsY9ig6xDqFOn","workflowName":"Telegram ventas","executionId":"14","nodeType":"n8n-nodes-base.set","nodeName":"Edit Fields","nodeId":"f51213a6-96d7-49ae-b35f-6ac3dc838ce3"}}
{"__type":"$$EventMessageConfirm","confirm":"984a61b5-d620-4bf7-a205-2f2873c03e38","ts":"2025-11-07T14:48:53.578-05:00","source":{"id":"0","name":"eventBus"}}
{"__type":"$$EventMessageWorkflow","id":"916325e6-7c35-4ca5-b6cc-84664bbc27d9","ts":"2025-11-07T14:48:53.580-05:00","eventName":"n8n.workflow.success","message":"n8n.workflow.success","payload":{"userId":"a847cc1d-d439-4c8d-ac02-192de4d567cd","executionId":"14","success":true,"isManual":true,"workflowId":"F9MOsY9ig6xDqFOn","workflowName":"Telegram ventas"}}
{"__type":"$$EventMessageConfirm","confirm":"916325e6-7c35-4ca5-b6cc-84664bbc27d9","ts":"2025-11-07T14:48:53.580-05:00","source":{"id":"0","name":"eventBus"}}
{"__type":"$$EventMessageWorkflow","id":"abb4877f-0cab-4874-a765-055118e18679","ts":"2025-11-07T14:49:54.732-05:00","eventName":"n8n.workflow.started","message":"n8n.workflow.started","payload":{"executionId":"15","workflowId":"F9MOsY9ig6xDqFOn","isManual":false,"workflowName":"Telegram ventas"}}
{"__type":"$$EventMessageConfirm","confirm":"abb4877f-0cab-4874-a765-055118e18679","ts":"2025-11-07T14:49:54.732-05:00","source":{"id":"0","name":"eventBus"}}
{"__type":"$$EventMessageNode","id":"475ca0e1-ee1b-48fd-ae11-8e36011c0a1e","ts":"2025-11-07T14:49:54.733-05:00","eventName":"n8n.node.started","message":"n8n.node.started","payload":{"workflowId":"F9MOsY9ig6xDqFOn","workflowName":"Telegram ventas","executionId":"15","nodeType":"n8n-nodes-base.set","nodeName":"Edit Fields","nodeId":"f51213a6-96d7-49ae-b35f-6ac3dc838ce3"}}
{"__type":"$$EventMessageConfirm","confirm":"475ca0e1-ee1b-48fd-ae11-8e36011c0a1e","ts":"2025-11-07T14:49:54.733-05:00","source":{"id":"0","name":"eventBus"}}
{"__type":"$$EventMessageNode","id":"4e1cf2eb-9660-453b-ac07-c45262ac5afe","ts":"2025-11-07T14:49:54.744-05:00","eventName":"n8n.node.finished","message":"n8n.node.finished","payload":{"workflowId":"F9MOsY9ig6xDqFOn","workflowName":"Telegram ventas","executionId":"15","nodeType":"n8n-nodes-base.set","nodeName":"Edit Fields","nodeId":"f51213a6-96d7-49ae-b35f-6ac3dc838ce3"}}
{"__type":"$$EventMessageConfirm","confirm":"4e1cf2eb-9660-453b-ac07-c45262ac5afe","ts":"2025-11-07T14:49:54.744-05:00","source":{"id":"0","name":"eventBus"}}
{"__type":"$$EventMessageWorkflow","id":"0d4660c3-f931-4fb5-9299-bed139d9c9f6","ts":"2025-11-07T14:49:54.746-05:00","eventName":"n8n.workflow.success","message":"n8n.workflow.success","payload":{"userId":"a847cc1d-d439-4c8d-ac02-192de4d567cd","executionId":"15","success":true,"isManual":true,"workflowId":"F9MOsY9ig6xDqFOn","workflowName":"Telegram ventas"}}
{"__type":"$$EventMessageConfirm","confirm":"0d4660c3-f931-4fb5-9299-bed139d9c9f6","ts":"2025-11-07T14:49:54.747-05:00","source":{"id":"0","name":"eventBus"}}
{"__type":"$$EventMessageWorkflow","id":"1fb686a6-5e87-49fc-9764-1a4b94d13f78","ts":"2025-11-07T14:53:34.745-05:00","eventName":"n8n.workflow.started","message":"n8n.workflow.started","payload":{"executionId":"16","workflowId":"F9MOsY9ig6xDqFOn","isManual":false,"workflowName":"Telegram ventas"}}
{"__type":"$$EventMessageConfirm","confirm":"1fb686a6-5e87-49fc-9764-1a4b94d13f78","ts":"2025-11-07T14:53:34.745-05:00","source":{"id":"0","name":"eventBus"}}
{"__type":"$$EventMessageNode","id":"fddef5df-0031-43dc-829d-4d2d9a89b741","ts":"2025-11-07T14:53:34.746-05:00","eventName":"n8n.node.started","message":"n8n.node.started","payload":{"workflowId":"F9MOsY9ig6xDqFOn","workflowName":"Telegram ventas","executionId":"16","nodeType":"n8n-nodes-base.code","nodeName":"Code in JavaScript","nodeId":"20ae9daa-3fd2-414d-aab9-3a9ac3afec4b"}}
{"__type":"$$EventMessageConfirm","confirm":"fddef5df-0031-43dc-829d-4d2d9a89b741","ts":"2025-11-07T14:53:34.746-05:00","source":{"id":"0","name":"eventBus"}}
{"__type":"$$EventMessageNode","id":"cf50c562-386f-4311-8121-9058beb24f3f","ts":"2025-11-07T14:53:34.785-05:00","eventName":"n8n.node.finished","message":"n8n.node.finished","payload":{"workflowId":"F9MOsY9ig6xDqFOn","workflowName":"Telegram ventas","executionId":"16","nodeType":"n8n-nodes-base.code","nodeName":"Code in JavaScript","nodeId":"20ae9daa-3fd2-414d-aab9-3a9ac3afec4b"}}
{"__type":"$$EventMessageConfirm","confirm":"cf50c562-386f-4311-8121-9058beb24f3f","ts":"2025-11-07T14:53:34.786-05:00","source":{"id":"0","name":"eventBus"}}
{"__type":"$$EventMessageWorkflow","id":"c6e29235-78a0-474a-8852-a9e6fd1404d9","ts":"2025-11-07T14:53:34.789-05:00","eventName":"n8n.workflow.success","message":"n8n.workflow.success","payload":{"userId":"a847cc1d-d439-4c8d-ac02-192de4d567cd","executionId":"16","success":true,"isManual":true,"workflowId":"F9MOsY9ig6xDqFOn","workflowName":"Telegram ventas"}}
{"__type":"$$EventMessageConfirm","confirm":"c6e29235-78a0-474a-8852-a9e6fd1404d9","ts":"2025-11-07T14:53:34.789-05:00","source":{"id":"0","name":"eventBus"}}
{"__type":"$$EventMessageWorkflow","id":"846d99a9-a83e-4e17-b0d7-7d561a3651d3","ts":"2025-11-07T14:54:35.035-05:00","eventName":"n8n.workflow.started","message":"n8n.workflow.started","payload":{"executionId":"17","workflowId":"F9MOsY9ig6xDqFOn","isManual":false,"workflowName":"Telegram ventas"}}
{"__type":"$$EventMessageConfirm","confirm":"846d99a9-a83e-4e17-b0d7-7d561a3651d3","ts":"2025-11-07T14:54:35.035-05:00","source":{"id":"0","name":"eventBus"}}
{"__type":"$$EventMessageNode","id":"486da67d-4c40-4450-b7bd-61e2f6629bcb","ts":"2025-11-07T14:54:35.036-05:00","eventName":"n8n.node.started","message":"n8n.node.started","payload":{"workflowId":"F9MOsY9ig6xDqFOn","workflowName":"Telegram ventas","executionId":"17","nodeType":"n8n-nodes-base.code","nodeName":"Code in JavaScript","nodeId":"20ae9daa-3fd2-414d-aab9-3a9ac3afec4b"}}
{"__type":"$$EventMessageConfirm","confirm":"486da67d-4c40-4450-b7bd-61e2f6629bcb","ts":"2025-11-07T14:54:35.036-05:00","source":{"id":"0","name":"eventBus"}}
{"__type":"$$EventMessageNode","id":"14e732f6-7997-4956-9f55-8a1dc16b069d","ts":"2025-11-07T14:54:35.045-05:00","eventName":"n8n.node.finished","message":"n8n.node.finished","payload":{"workflowId":"F9MOsY9ig6xDqFOn","workflowName":"Telegram ventas","executionId":"17","nodeType":"n8n-nodes-base.code","nodeName":"Code in JavaScript","nodeId":"20ae9daa-3fd2-414d-aab9-3a9ac3afec4b"}}
{"__type":"$$EventMessageConfirm","confirm":"14e732f6-7997-4956-9f55-8a1dc16b069d","ts":"2025-11-07T14:54:35.045-05:00","source":{"id":"0","name":"eventBus"}}
{"__type":"$$EventMessageWorkflow","id":"8e480dca-32c5-4d93-9367-cd2d0f953246","ts":"2025-11-07T14:54:35.050-05:00","eventName":"n8n.workflow.success","message":"n8n.workflow.success","payload":{"userId":"a847cc1d-d439-4c8d-ac02-192de4d567cd","executionId":"17","success":true,"isManual":true,"workflowId":"F9MOsY9ig6xDqFOn","workflowName":"Telegram ventas"}}
{"__type":"$$EventMessageConfirm","confirm":"8e480dca-32c5-4d93-9367-cd2d0f953246","ts":"2025-11-07T14:54:35.050-05:00","source":{"id":"0","name":"eventBus"}}
{"__type":"$$EventMessageWorkflow","id":"91fa8be3-a561-4a4b-a5a1-d7d9159a1360","ts":"2025-11-07T14:54:37.530-05:00","eventName":"n8n.workflow.started","message":"n8n.workflow.started","payload":{"executionId":"18","workflowId":"F9MOsY9ig6xDqFOn","isManual":false,"workflowName":"Telegram ventas"}}
{"__type":"$$EventMessageConfirm","confirm":"91fa8be3-a561-4a4b-a5a1-d7d9159a1360","ts":"2025-11-07T14:54:37.530-05:00","source":{"id":"0","name":"eventBus"}}
{"__type":"$$EventMessageNode","id":"06d4b346-247d-4710-9cbc-9d3849abed9a","ts":"2025-11-07T14:54:37.531-05:00","eventName":"n8n.node.started","message":"n8n.node.started","payload":{"workflowId":"F9MOsY9ig6xDqFOn","workflowName":"Telegram ventas","executionId":"18","nodeType":"n8n-nodes-base.code","nodeName":"Code in JavaScript","nodeId":"20ae9daa-3fd2-414d-aab9-3a9ac3afec4b"}}
{"__type":"$$EventMessageConfirm","confirm":"06d4b346-247d-4710-9cbc-9d3849abed9a","ts":"2025-11-07T14:54:37.531-05:00","source":{"id":"0","name":"eventBus"}}
{"__type":"$$EventMessageNode","id":"85dafb3b-6d40-44e1-b8a5-ed4fd3a11830","ts":"2025-11-07T14:54:37.541-05:00","eventName":"n8n.node.finished","message":"n8n.node.finished","payload":{"workflowId":"F9MOsY9ig6xDqFOn","workflowName":"Telegram ventas","executionId":"18","nodeType":"n8n-nodes-base.code","nodeName":"Code in JavaScript","nodeId":"20ae9daa-3fd2-414d-aab9-3a9ac3afec4b"}}
{"__type":"$$EventMessageConfirm","confirm":"85dafb3b-6d40-44e1-b8a5-ed4fd3a11830","ts":"2025-11-07T14:54:37.541-05:00","source":{"id":"0","name":"eventBus"}}
{"__type":"$$EventMessageWorkflow","id":"863dae3a-298f-43d6-9b13-fdabc885df24","ts":"2025-11-07T14:54:37.546-05:00","eventName":"n8n.workflow.success","message":"n8n.workflow.success","payload":{"userId":"a847cc1d-d439-4c8d-ac02-192de4d567cd","executionId":"18","success":true,"isManual":true,"workflowId":"F9MOsY9ig6xDqFOn","workflowName":"Telegram ventas"}}
{"__type":"$$EventMessageConfirm","confirm":"863dae3a-298f-43d6-9b13-fdabc885df24","ts":"2025-11-07T14:54:37.546-05:00","source":{"id":"0","name":"eventBus"}}
{"__type":"$$EventMessageWorkflow","id":"7bad9e56-ac56-4676-9ab4-ac70370002a8","ts":"2025-11-07T14:54:43.398-05:00","eventName":"n8n.workflow.started","message":"n8n.workflow.started","payload":{"executionId":"19","workflowId":"F9MOsY9ig6xDqFOn","isManual":false,"workflowName":"Telegram ventas"}}
{"__type":"$$EventMessageConfirm","confirm":"7bad9e56-ac56-4676-9ab4-ac70370002a8","ts":"2025-11-07T14:54:43.399-05:00","source":{"id":"0","name":"eventBus"}}
{"__type":"$$EventMessageNode","id":"e37a5d85-15c1-4b3d-9c71-49750930d677","ts":"2025-11-07T14:54:43.400-05:00","eventName":"n8n.node.started","message":"n8n.node.started","payload":{"workflowId":"F9MOsY9ig6xDqFOn","workflowName":"Telegram ventas","executionId":"19","nodeType":"n8n-nodes-base.telegramTrigger","nodeName":"Telegram Trigger","nodeId":"d8dad8de-bbff-4981-8299-ca61adb305d8"}}
{"__type":"$$EventMessageConfirm","confirm":"e37a5d85-15c1-4b3d-9c71-49750930d677","ts":"2025-11-07T14:54:43.400-05:00","source":{"id":"0","name":"eventBus"}}
{"__type":"$$EventMessageNode","id":"23741666-c71b-43e7-8079-9f85510e41d0","ts":"2025-11-07T14:54:43.402-05:00","eventName":"n8n.node.finished","message":"n8n.node.finished","payload":{"workflowId":"F9MOsY9ig6xDqFOn","workflowName":"Telegram ventas","executionId":"19","nodeType":"n8n-nodes-base.telegramTrigger","nodeName":"Telegram Trigger","nodeId":"d8dad8de-bbff-4981-8299-ca61adb305d8"}}
{"__type":"$$EventMessageConfirm","confirm":"23741666-c71b-43e7-8079-9f85510e41d0","ts":"2025-11-07T14:54:43.402-05:00","source":{"id":"0","name":"eventBus"}}
{"__type":"$$EventMessageNode","id":"5f48bdf3-e59c-4a9e-ac06-0b1df2a64aae","ts":"2025-11-07T14:54:43.403-05:00","eventName":"n8n.node.started","message":"n8n.node.started","payload":{"workflowId":"F9MOsY9ig6xDqFOn","workflowName":"Telegram ventas","executionId":"19","nodeType":"n8n-nodes-base.set","nodeName":"Edit Fields","nodeId":"f51213a6-96d7-49ae-b35f-6ac3dc838ce3"}}
{"__type":"$$EventMessageConfirm","confirm":"5f48bdf3-e59c-4a9e-ac06-0b1df2a64aae","ts":"2025-11-07T14:54:43.403-05:00","source":{"id":"0","name":"eventBus"}}
{"__type":"$$EventMessageNode","id":"a60c56bc-c648-4d11-b5fb-4474c3a0b2e6","ts":"2025-11-07T14:54:43.406-05:00","eventName":"n8n.node.finished","message":"n8n.node.finished","payload":{"workflowId":"F9MOsY9ig6xDqFOn","workflowName":"Telegram ventas","executionId":"19","nodeType":"n8n-nodes-base.set","nodeName":"Edit Fields","nodeId":"f51213a6-96d7-49ae-b35f-6ac3dc838ce3"}}
{"__type":"$$EventMessageConfirm","confirm":"a60c56bc-c648-4d11-b5fb-4474c3a0b2e6","ts":"2025-11-07T14:54:43.406-05:00","source":{"id":"0","name":"eventBus"}}
{"__type":"$$EventMessageNode","id":"cde0bff3-5d92-4c3c-8989-b43ab77b4e7f","ts":"2025-11-07T14:54:43.406-05:00","eventName":"n8n.node.started","message":"n8n.node.started","payload":{"workflowId":"F9MOsY9ig6xDqFOn","workflowName":"Telegram ventas","executionId":"19","nodeType":"n8n-nodes-base.code","nodeName":"Code in JavaScript","nodeId":"20ae9daa-3fd2-414d-aab9-3a9ac3afec4b"}}
{"__type":"$$EventMessageConfirm","confirm":"cde0bff3-5d92-4c3c-8989-b43ab77b4e7f","ts":"2025-11-07T14:54:43.406-05:00","source":{"id":"0","name":"eventBus"}}
{"__type":"$$EventMessageNode","id":"d3aef055-7329-4c10-bf3d-b5cea7befe6f","ts":"2025-11-07T14:54:43.416-05:00","eventName":"n8n.node.finished","message":"n8n.node.finished","payload":{"workflowId":"F9MOsY9ig6xDqFOn","workflowName":"Telegram ventas","executionId":"19","nodeType":"n8n-nodes-base.code","nodeName":"Code in JavaScript","nodeId":"20ae9daa-3fd2-414d-aab9-3a9ac3afec4b"}}
{"__type":"$$EventMessageConfirm","confirm":"d3aef055-7329-4c10-bf3d-b5cea7befe6f","ts":"2025-11-07T14:54:43.416-05:00","source":{"id":"0","name":"eventBus"}}
{"__type":"$$EventMessageWorkflow","id":"2f1ea62c-a857-479d-b7e3-51585865bb3f","ts":"2025-11-07T14:54:43.418-05:00","eventName":"n8n.workflow.success","message":"n8n.workflow.success","payload":{"executionId":"19","success":true,"isManual":true,"workflowId":"F9MOsY9ig6xDqFOn","workflowName":"Telegram ventas"}}
{"__type":"$$EventMessageConfirm","confirm":"2f1ea62c-a857-479d-b7e3-51585865bb3f","ts":"2025-11-07T14:54:43.418-05:00","source":{"id":"0","name":"eventBus"}}
{"__type":"$$EventMessageWorkflow","id":"5300f4c1-935d-4d91-9b61-5a3136000a9e","ts":"2025-11-07T14:55:20.005-05:00","eventName":"n8n.workflow.started","message":"n8n.workflow.started","payload":{"executionId":"20","workflowId":"F9MOsY9ig6xDqFOn","isManual":false,"workflowName":"Telegram ventas"}}
{"__type":"$$EventMessageConfirm","confirm":"5300f4c1-935d-4d91-9b61-5a3136000a9e","ts":"2025-11-07T14:55:20.005-05:00","source":{"id":"0","name":"eventBus"}}
{"__type":"$$EventMessageNode","id":"8a75cdbc-b831-45ba-9a13-0b4eed6b8d95","ts":"2025-11-07T14:55:20.006-05:00","eventName":"n8n.node.started","message":"n8n.node.started","payload":{"workflowId":"F9MOsY9ig6xDqFOn","workflowName":"Telegram ventas","executionId":"20","nodeType":"n8n-nodes-base.telegramTrigger","nodeName":"Telegram Trigger","nodeId":"d8dad8de-bbff-4981-8299-ca61adb305d8"}}
{"__type":"$$EventMessageConfirm","confirm":"8a75cdbc-b831-45ba-9a13-0b4eed6b8d95","ts":"2025-11-07T14:55:20.006-05:00","source":{"id":"0","name":"eventBus"}}
{"__type":"$$EventMessageNode","id":"04a5a009-b847-4f0c-b0f4-56d04abbe2fa","ts":"2025-11-07T14:55:20.007-05:00","eventName":"n8n.node.finished","message":"n8n.node.finished","payload":{"workflowId":"F9MOsY9ig6xDqFOn","workflowName":"Telegram ventas","executionId":"20","nodeType":"n8n-nodes-base.telegramTrigger","nodeName":"Telegram Trigger","nodeId":"d8dad8de-bbff-4981-8299-ca61adb305d8"}}
{"__type":"$$EventMessageConfirm","confirm":"04a5a009-b847-4f0c-b0f4-56d04abbe2fa","ts":"2025-11-07T14:55:20.007-05:00","source":{"id":"0","name":"eventBus"}}
{"__type":"$$EventMessageNode","id":"0cc72594-833a-427d-a462-6b6f4a35e163","ts":"2025-11-07T14:55:20.008-05:00","eventName":"n8n.node.started","message":"n8n.node.started","payload":{"workflowId":"F9MOsY9ig6xDqFOn","workflowName":"Telegram ventas","executionId":"20","nodeType":"n8n-nodes-base.set","nodeName":"Edit Fields","nodeId":"f51213a6-96d7-49ae-b35f-6ac3dc838ce3"}}
{"__type":"$$EventMessageConfirm","confirm":"0cc72594-833a-427d-a462-6b6f4a35e163","ts":"2025-11-07T14:55:20.008-05:00","source":{"id":"0","name":"eventBus"}}
{"__type":"$$EventMessageNode","id":"9f87d3c2-8581-41c8-bc47-af9afd6cda32","ts":"2025-11-07T14:55:20.011-05:00","eventName":"n8n.node.finished","message":"n8n.node.finished","payload":{"workflowId":"F9MOsY9ig6xDqFOn","workflowName":"Telegram ventas","executionId":"20","nodeType":"n8n-nodes-base.set","nodeName":"Edit Fields","nodeId":"f51213a6-96d7-49ae-b35f-6ac3dc838ce3"}}
{"__type":"$$EventMessageConfirm","confirm":"9f87d3c2-8581-41c8-bc47-af9afd6cda32","ts":"2025-11-07T14:55:20.011-05:00","source":{"id":"0","name":"eventBus"}}
{"__type":"$$EventMessageNode","id":"814ffaa6-b354-4b93-a6cd-7786b8821276","ts":"2025-11-07T14:55:20.012-05:00","eventName":"n8n.node.started","message":"n8n.node.started","payload":{"workflowId":"F9MOsY9ig6xDqFOn","workflowName":"Telegram ventas","executionId":"20","nodeType":"n8n-nodes-base.code","nodeName":"Code in JavaScript","nodeId":"20ae9daa-3fd2-414d-aab9-3a9ac3afec4b"}}
{"__type":"$$EventMessageConfirm","confirm":"814ffaa6-b354-4b93-a6cd-7786b8821276","ts":"2025-11-07T14:55:20.012-05:00","source":{"id":"0","name":"eventBus"}}
{"__type":"$$EventMessageNode","id":"b4b7c9df-f614-4daf-afbc-7509969318b4","ts":"2025-11-07T14:55:20.025-05:00","eventName":"n8n.node.finished","message":"n8n.node.finished","payload":{"workflowId":"F9MOsY9ig6xDqFOn","workflowName":"Telegram ventas","executionId":"20","nodeType":"n8n-nodes-base.code","nodeName":"Code in JavaScript","nodeId":"20ae9daa-3fd2-414d-aab9-3a9ac3afec4b"}}
{"__type":"$$EventMessageConfirm","confirm":"b4b7c9df-f614-4daf-afbc-7509969318b4","ts":"2025-11-07T14:55:20.025-05:00","source":{"id":"0","name":"eventBus"}}
{"__type":"$$EventMessageWorkflow","id":"4006d6ff-c914-4369-8eba-7dcc28d9d3d3","ts":"2025-11-07T14:55:20.028-05:00","eventName":"n8n.workflow.success","message":"n8n.workflow.success","payload":{"executionId":"20","success":true,"isManual":true,"workflowId":"F9MOsY9ig6xDqFOn","workflowName":"Telegram ventas"}}
{"__type":"$$EventMessageConfirm","confirm":"4006d6ff-c914-4369-8eba-7dcc28d9d3d3","ts":"2025-11-07T14:55:20.028-05:00","source":{"id":"0","name":"eventBus"}}
{"__type":"$$EventMessageWorkflow","id":"f8a87787-ded8-46c7-a182-c371c17385e6","ts":"2025-11-07T14:56:31.260-05:00","eventName":"n8n.workflow.started","message":"n8n.workflow.started","payload":{"executionId":"21","workflowId":"F9MOsY9ig6xDqFOn","isManual":false,"workflowName":"Telegram ventas"}}
{"__type":"$$EventMessageConfirm","confirm":"f8a87787-ded8-46c7-a182-c371c17385e6","ts":"2025-11-07T14:56:31.261-05:00","source":{"id":"0","name":"eventBus"}}
{"__type":"$$EventMessageNode","id":"e36569d2-c028-4be2-992a-c44283e53eb5","ts":"2025-11-07T14:56:31.261-05:00","eventName":"n8n.node.started","message":"n8n.node.started","payload":{"workflowId":"F9MOsY9ig6xDqFOn","workflowName":"Telegram ventas","executionId":"21","nodeType":"n8n-nodes-base.code","nodeName":"Code in JavaScript","nodeId":"20ae9daa-3fd2-414d-aab9-3a9ac3afec4b"}}
{"__type":"$$EventMessageConfirm","confirm":"e36569d2-c028-4be2-992a-c44283e53eb5","ts":"2025-11-07T14:56:31.261-05:00","source":{"id":"0","name":"eventBus"}}
{"__type":"$$EventMessageNode","id":"e42ef20f-0647-4573-a1dc-3ee512112a06","ts":"2025-11-07T14:56:31.276-05:00","eventName":"n8n.node.finished","message":"n8n.node.finished","payload":{"workflowId":"F9MOsY9ig6xDqFOn","workflowName":"Telegram ventas","executionId":"21","nodeType":"n8n-nodes-base.code","nodeName":"Code in JavaScript","nodeId":"20ae9daa-3fd2-414d-aab9-3a9ac3afec4b"}}
{"__type":"$$EventMessageConfirm","confirm":"e42ef20f-0647-4573-a1dc-3ee512112a06","ts":"2025-11-07T14:56:31.277-05:00","source":{"id":"0","name":"eventBus"}}
{"__type":"$$EventMessageWorkflow","id":"6a3187f2-fb23-403c-ab90-d589085fcbcd","ts":"2025-11-07T14:56:31.280-05:00","eventName":"n8n.workflow.success","message":"n8n.workflow.success","payload":{"userId":"a847cc1d-d439-4c8d-ac02-192de4d567cd","executionId":"21","success":true,"isManual":true,"workflowId":"F9MOsY9ig6xDqFOn","workflowName":"Telegram ventas"}}
{"__type":"$$EventMessageConfirm","confirm":"6a3187f2-fb23-403c-ab90-d589085fcbcd","ts":"2025-11-07T14:56:31.280-05:00","source":{"id":"0","name":"eventBus"}}
{"__type":"$$EventMessageWorkflow","id":"0f78078d-15b0-411f-8c00-dc84e66c071d","ts":"2025-11-07T14:56:35.204-05:00","eventName":"n8n.workflow.started","message":"n8n.workflow.started","payload":{"executionId":"22","workflowId":"F9MOsY9ig6xDqFOn","isManual":false,"workflowName":"Telegram ventas"}}
{"__type":"$$EventMessageConfirm","confirm":"0f78078d-15b0-411f-8c00-dc84e66c071d","ts":"2025-11-07T14:56:35.204-05:00","source":{"id":"0","name":"eventBus"}}
{"__type":"$$EventMessageNode","id":"5f75629e-32ae-412f-a217-c7dd4772bfd8","ts":"2025-11-07T14:56:35.205-05:00","eventName":"n8n.node.started","message":"n8n.node.started","payload":{"workflowId":"F9MOsY9ig6xDqFOn","workflowName":"Telegram ventas","executionId":"22","nodeType":"n8n-nodes-base.code","nodeName":"Code in JavaScript","nodeId":"20ae9daa-3fd2-414d-aab9-3a9ac3afec4b"}}
{"__type":"$$EventMessageConfirm","confirm":"5f75629e-32ae-412f-a217-c7dd4772bfd8","ts":"2025-11-07T14:56:35.205-05:00","source":{"id":"0","name":"eventBus"}}
{"__type":"$$EventMessageNode","id":"bb1ec001-30a1-476a-b0db-b67ac0ace35b","ts":"2025-11-07T14:56:35.217-05:00","eventName":"n8n.node.finished","message":"n8n.node.finished","payload":{"workflowId":"F9MOsY9ig6xDqFOn","workflowName":"Telegram ventas","executionId":"22","nodeType":"n8n-nodes-base.code","nodeName":"Code in JavaScript","nodeId":"20ae9daa-3fd2-414d-aab9-3a9ac3afec4b"}}
{"__type":"$$EventMessageConfirm","confirm":"bb1ec001-30a1-476a-b0db-b67ac0ace35b","ts":"2025-11-07T14:56:35.217-05:00","source":{"id":"0","name":"eventBus"}}
{"__type":"$$EventMessageWorkflow","id":"13e89b8a-a0fe-4031-b509-131637201652","ts":"2025-11-07T14:56:35.225-05:00","eventName":"n8n.workflow.success","message":"n8n.workflow.success","payload":{"userId":"a847cc1d-d439-4c8d-ac02-192de4d567cd","executionId":"22","success":true,"isManual":true,"workflowId":"F9MOsY9ig6xDqFOn","workflowName":"Telegram ventas"}}
{"__type":"$$EventMessageConfirm","confirm":"13e89b8a-a0fe-4031-b509-131637201652","ts":"2025-11-07T14:56:35.225-05:00","source":{"id":"0","name":"eventBus"}}
{"__type":"$$EventMessageWorkflow","id":"0376627e-1f54-4d24-b9d8-75bf3a47d254","ts":"2025-11-07T14:59:14.673-05:00","eventName":"n8n.workflow.started","message":"n8n.workflow.started","payload":{"executionId":"23","workflowId":"F9MOsY9ig6xDqFOn","isManual":false,"workflowName":"Telegram ventas"}}
{"__type":"$$EventMessageConfirm","confirm":"0376627e-1f54-4d24-b9d8-75bf3a47d254","ts":"2025-11-07T14:59:14.674-05:00","source":{"id":"0","name":"eventBus"}}
{"__type":"$$EventMessageNode","id":"62c82912-aaaf-4bb6-a3fb-4333d0eb5598","ts":"2025-11-07T14:59:14.674-05:00","eventName":"n8n.node.started","message":"n8n.node.started","payload":{"workflowId":"F9MOsY9ig6xDqFOn","workflowName":"Telegram ventas","executionId":"23","nodeType":"n8n-nodes-base.code","nodeName":"Code in JavaScript","nodeId":"20ae9daa-3fd2-414d-aab9-3a9ac3afec4b"}}
{"__type":"$$EventMessageConfirm","confirm":"62c82912-aaaf-4bb6-a3fb-4333d0eb5598","ts":"2025-11-07T14:59:14.674-05:00","source":{"id":"0","name":"eventBus"}}
{"__type":"$$EventMessageNode","id":"2ee9660f-4451-47a1-a249-24ddbe743fd4","ts":"2025-11-07T14:59:14.687-05:00","eventName":"n8n.node.finished","message":"n8n.node.finished","payload":{"workflowId":"F9MOsY9ig6xDqFOn","workflowName":"Telegram ventas","executionId":"23","nodeType":"n8n-nodes-base.code","nodeName":"Code in JavaScript","nodeId":"20ae9daa-3fd2-414d-aab9-3a9ac3afec4b"}}
{"__type":"$$EventMessageConfirm","confirm":"2ee9660f-4451-47a1-a249-24ddbe743fd4","ts":"2025-11-07T14:59:14.687-05:00","source":{"id":"0","name":"eventBus"}}
{"__type":"$$EventMessageWorkflow","id":"ab4058a9-4744-4819-91f6-22e5c6953ef7","ts":"2025-11-07T14:59:14.690-05:00","eventName":"n8n.workflow.success","message":"n8n.workflow.success","payload":{"userId":"a847cc1d-d439-4c8d-ac02-192de4d567cd","executionId":"23","success":true,"isManual":true,"workflowId":"F9MOsY9ig6xDqFOn","workflowName":"Telegram ventas"}}
{"__type":"$$EventMessageConfirm","confirm":"ab4058a9-4744-4819-91f6-22e5c6953ef7","ts":"2025-11-07T14:59:14.690-05:00","source":{"id":"0","name":"eventBus"}}
{"__type":"$$EventMessageWorkflow","id":"36658a1c-aeac-4996-a98b-98993d8bf365","ts":"2025-11-07T15:01:21.049-05:00","eventName":"n8n.workflow.started","message":"n8n.workflow.started","payload":{"executionId":"24","workflowId":"F9MOsY9ig6xDqFOn","isManual":false,"workflowName":"Telegram ventas"}}
{"__type":"$$EventMessageConfirm","confirm":"36658a1c-aeac-4996-a98b-98993d8bf365","ts":"2025-11-07T15:01:21.049-05:00","source":{"id":"0","name":"eventBus"}}
{"__type":"$$EventMessageNode","id":"6ff384e1-564a-4912-9dd3-2cf77d8ca299","ts":"2025-11-07T15:01:21.050-05:00","eventName":"n8n.node.started","message":"n8n.node.started","payload":{"workflowId":"F9MOsY9ig6xDqFOn","workflowName":"Telegram ventas","executionId":"24","nodeType":"n8n-nodes-base.code","nodeName":"Code in JavaScript","nodeId":"20ae9daa-3fd2-414d-aab9-3a9ac3afec4b"}}
{"__type":"$$EventMessageConfirm","confirm":"6ff384e1-564a-4912-9dd3-2cf77d8ca299","ts":"2025-11-07T15:01:21.050-05:00","source":{"id":"0","name":"eventBus"}}
{"__type":"$$EventMessageNode","id":"3836f88e-44a4-4732-b61d-901c2f5b27d2","ts":"2025-11-07T15:01:21.068-05:00","eventName":"n8n.node.finished","message":"n8n.node.finished","payload":{"workflowId":"F9MOsY9ig6xDqFOn","workflowName":"Telegram ventas","executionId":"24","nodeType":"n8n-nodes-base.code","nodeName":"Code in JavaScript","nodeId":"20ae9daa-3fd2-414d-aab9-3a9ac3afec4b"}}
{"__type":"$$EventMessageConfirm","confirm":"3836f88e-44a4-4732-b61d-901c2f5b27d2","ts":"2025-11-07T15:01:21.068-05:00","source":{"id":"0","name":"eventBus"}}
{"__type":"$$EventMessageWorkflow","id":"e8b457be-fcdb-47c0-8578-2624b890caab","ts":"2025-11-07T15:01:21.070-05:00","eventName":"n8n.workflow.success","message":"n8n.workflow.success","payload":{"userId":"a847cc1d-d439-4c8d-ac02-192de4d567cd","executionId":"24","success":true,"isManual":true,"workflowId":"F9MOsY9ig6xDqFOn","workflowName":"Telegram ventas"}}
{"__type":"$$EventMessageConfirm","confirm":"e8b457be-fcdb-47c0-8578-2624b890caab","ts":"2025-11-07T15:01:21.070-05:00","source":{"id":"0","name":"eventBus"}}
{"__type":"$$EventMessageAudit","id":"6c769d09-7b89-43f2-abf0-66eadf62233c","ts":"2025-11-07T15:04:55.312-05:00","eventName":"n8n.audit.user.credentials.created","message":"n8n.audit.user.credentials.created","payload":{"userId":"a847cc1d-d439-4c8d-ac02-192de4d567cd","_email":"fabianvillablanca97@gmail.com","_firstName":"Fabian","_lastName":"Villablanca","globalRole":"global:owner","credentialType":"googleSheetsOAuth2Api","credentialId":"VHrzUsmskb0W9Fi9","publicApi":false,"projectId":"ZwDw8Jqc054re9YB","projectType":"personal"}}
{"__type":"$$EventMessageConfirm","confirm":"6c769d09-7b89-43f2-abf0-66eadf62233c","ts":"2025-11-07T15:04:55.312-05:00","source":{"id":"0","name":"eventBus"}}
